
分配公共符号
公共符号            大小              文件

idt_ptr             0x6               kernel/global.o
inode_table         0xb00             kernel/global.o
task_stack          0x38000           kernel/global.o
k_reenter           0x4               kernel/global.o
gdt                 0x400             kernel/global.o
current_console     0x4               kernel/global.o
pcaller             0x4               kernel/global.o
tty_table           0xc6c             kernel/global.o
tss                 0x68              kernel/global.o
fs_msg              0x30              kernel/global.o
f_desc_table        0x300             kernel/global.o
root_inode          0x4               kernel/global.o
disp_pos            0x4               kernel/global.o
key_pressed         0x4               kernel/global.o
gdt_ptr             0x6               kernel/global.o
idt                 0x800             kernel/global.o
super_block         0x1e0             kernel/global.o
PARTITION_ENTRY     0x10              kernel/hd.o
ticks               0x4               kernel/global.o
console_table       0x3c              kernel/global.o
irq_table           0x40              kernel/global.o
p_proc_ready        0x4               kernel/global.o
proc_table          0xb0c             kernel/global.o

舍弃的输入节

 .group         0x0000000000000000        0x8 kernel/start.o
 .note.GNU-stack
                0x0000000000000000        0x0 kernel/start.o
 .group         0x0000000000000000        0x8 kernel/main.o
 .group         0x0000000000000000        0x8 kernel/main.o
 .group         0x0000000000000000        0x8 kernel/main.o
 .text.__x86.get_pc_thunk.bx
                0x0000000000000000        0x4 kernel/main.o
 .note.GNU-stack
                0x0000000000000000        0x0 kernel/main.o
 .group         0x0000000000000000        0x8 kernel/clock.o
 .text.__x86.get_pc_thunk.bx
                0x0000000000000000        0x4 kernel/clock.o
 .note.GNU-stack
                0x0000000000000000        0x0 kernel/clock.o
 .group         0x0000000000000000        0x8 kernel/keyboard.o
 .text.__x86.get_pc_thunk.bx
                0x0000000000000000        0x4 kernel/keyboard.o
 .note.GNU-stack
                0x0000000000000000        0x0 kernel/keyboard.o
 .group         0x0000000000000000        0x8 kernel/tty.o
 .group         0x0000000000000000        0x8 kernel/tty.o
 .text.__x86.get_pc_thunk.ax
                0x0000000000000000        0x4 kernel/tty.o
 .text.__x86.get_pc_thunk.bx
                0x0000000000000000        0x4 kernel/tty.o
 .note.GNU-stack
                0x0000000000000000        0x0 kernel/tty.o
 .group         0x0000000000000000        0x8 kernel/console.o
 .group         0x0000000000000000        0x8 kernel/console.o
 .group         0x0000000000000000        0x8 kernel/console.o
 .group         0x0000000000000000        0x8 kernel/console.o
 .text.__x86.get_pc_thunk.ax
                0x0000000000000000        0x4 kernel/console.o
 .text.__x86.get_pc_thunk.dx
                0x0000000000000000        0x4 kernel/console.o
 .text.__x86.get_pc_thunk.bx
                0x0000000000000000        0x4 kernel/console.o
 .note.GNU-stack
                0x0000000000000000        0x0 kernel/console.o
 .group         0x0000000000000000        0x8 kernel/i8259.o
 .text.__x86.get_pc_thunk.bx
                0x0000000000000000        0x4 kernel/i8259.o
 .note.GNU-stack
                0x0000000000000000        0x0 kernel/i8259.o
 .note.GNU-stack
                0x0000000000000000        0x0 kernel/global.o
 .group         0x0000000000000000        0x8 kernel/protect.o
 .group         0x0000000000000000        0x8 kernel/protect.o
 .text.__x86.get_pc_thunk.ax
                0x0000000000000000        0x4 kernel/protect.o
 .text.__x86.get_pc_thunk.bx
                0x0000000000000000        0x4 kernel/protect.o
 .note.GNU-stack
                0x0000000000000000        0x0 kernel/protect.o
 .group         0x0000000000000000        0x8 kernel/proc.o
 .group         0x0000000000000000        0x8 kernel/proc.o
 .group         0x0000000000000000        0x8 kernel/proc.o
 .text.__x86.get_pc_thunk.ax
                0x0000000000000000        0x4 kernel/proc.o
 .text.__x86.get_pc_thunk.dx
                0x0000000000000000        0x4 kernel/proc.o
 .text.__x86.get_pc_thunk.bx
                0x0000000000000000        0x4 kernel/proc.o
 .note.GNU-stack
                0x0000000000000000        0x0 kernel/proc.o
 .group         0x0000000000000000        0x8 kernel/systask.o
 .text.__x86.get_pc_thunk.bx
                0x0000000000000000        0x4 kernel/systask.o
 .note.GNU-stack
                0x0000000000000000        0x0 kernel/systask.o
 .group         0x0000000000000000        0x8 kernel/hd.o
 .group         0x0000000000000000        0x8 kernel/hd.o
 .text.__x86.get_pc_thunk.ax
                0x0000000000000000        0x4 kernel/hd.o
 .text.__x86.get_pc_thunk.bx
                0x0000000000000000        0x4 kernel/hd.o
 .note.GNU-stack
                0x0000000000000000        0x0 kernel/hd.o
 .group         0x0000000000000000        0x8 kernel/animation.o
 .text.__x86.get_pc_thunk.bx
                0x0000000000000000        0x4 kernel/animation.o
 .note.GNU-stack
                0x0000000000000000        0x0 kernel/animation.o
 .group         0x0000000000000000        0x8 lib/printf.o
 .text.__x86.get_pc_thunk.bx
                0x0000000000000000        0x4 lib/printf.o
 .note.GNU-stack
                0x0000000000000000        0x0 lib/printf.o
 .group         0x0000000000000000        0x8 lib/vsprintf.o
 .group         0x0000000000000000        0x8 lib/vsprintf.o
 .text.__x86.get_pc_thunk.ax
                0x0000000000000000        0x4 lib/vsprintf.o
 .text.__x86.get_pc_thunk.bx
                0x0000000000000000        0x4 lib/vsprintf.o
 .note.GNU-stack
                0x0000000000000000        0x0 lib/vsprintf.o
 .group         0x0000000000000000        0x8 lib/klib.o
 .group         0x0000000000000000        0x8 lib/klib.o
 .text.__x86.get_pc_thunk.ax
                0x0000000000000000        0x4 lib/klib.o
 .text.__x86.get_pc_thunk.bx
                0x0000000000000000        0x4 lib/klib.o
 .note.GNU-stack
                0x0000000000000000        0x0 lib/klib.o
 .group         0x0000000000000000        0x8 lib/ls.o
 .text.__x86.get_pc_thunk.bx
                0x0000000000000000        0x4 lib/ls.o
 .note.GNU-stack
                0x0000000000000000        0x0 lib/ls.o
 .group         0x0000000000000000        0x8 lib/sl.o
 .text.__x86.get_pc_thunk.bx
                0x0000000000000000        0x4 lib/sl.o
 .note.GNU-stack
                0x0000000000000000        0x0 lib/sl.o
 .group         0x0000000000000000        0x8 lib/misc.o
 .group         0x0000000000000000        0x8 lib/misc.o
 .text.__x86.get_pc_thunk.ax
                0x0000000000000000        0x4 lib/misc.o
 .text.__x86.get_pc_thunk.bx
                0x0000000000000000        0x4 lib/misc.o
 .note.GNU-stack
                0x0000000000000000        0x0 lib/misc.o
 .group         0x0000000000000000        0x8 lib/mkdir.o
 .text.__x86.get_pc_thunk.bx
                0x0000000000000000        0x4 lib/mkdir.o
 .note.GNU-stack
                0x0000000000000000        0x0 lib/mkdir.o
 .group         0x0000000000000000        0x8 lib/open.o
 .text.__x86.get_pc_thunk.bx
                0x0000000000000000        0x4 lib/open.o
 .note.GNU-stack
                0x0000000000000000        0x0 lib/open.o
 .group         0x0000000000000000        0x8 lib/read.o
 .text.__x86.get_pc_thunk.ax
                0x0000000000000000        0x4 lib/read.o
 .note.GNU-stack
                0x0000000000000000        0x0 lib/read.o
 .group         0x0000000000000000        0x8 lib/write.o
 .text.__x86.get_pc_thunk.ax
                0x0000000000000000        0x4 lib/write.o
 .note.GNU-stack
                0x0000000000000000        0x0 lib/write.o
 .group         0x0000000000000000        0x8 lib/close.o
 .text.__x86.get_pc_thunk.ax
                0x0000000000000000        0x4 lib/close.o
 .note.GNU-stack
                0x0000000000000000        0x0 lib/close.o
 .group         0x0000000000000000        0x8 lib/unlink.o
 .text.__x86.get_pc_thunk.bx
                0x0000000000000000        0x4 lib/unlink.o
 .note.GNU-stack
                0x0000000000000000        0x0 lib/unlink.o
 .group         0x0000000000000000        0x8 lib/getpid.o
 .text.__x86.get_pc_thunk.bx
                0x0000000000000000        0x4 lib/getpid.o
 .note.GNU-stack
                0x0000000000000000        0x0 lib/getpid.o
 .group         0x0000000000000000        0x8 lib/syslog.o
 .text.__x86.get_pc_thunk.bx
                0x0000000000000000        0x4 lib/syslog.o
 .note.GNU-stack
                0x0000000000000000        0x0 lib/syslog.o
 .group         0x0000000000000000        0x8 applications/calculator.o
 .text.__x86.get_pc_thunk.bx
                0x0000000000000000        0x4 applications/calculator.o
 .note.GNU-stack
                0x0000000000000000        0x0 applications/calculator.o
 .group         0x0000000000000000        0x8 applications/2048.o
 .group         0x0000000000000000        0x8 applications/2048.o
 .text.__x86.get_pc_thunk.ax
                0x0000000000000000        0x4 applications/2048.o
 .text.__x86.get_pc_thunk.bx
                0x0000000000000000        0x4 applications/2048.o
 .note.GNU-stack
                0x0000000000000000        0x0 applications/2048.o
 .group         0x0000000000000000        0x8 applications/pickstick.o
 .text.__x86.get_pc_thunk.bx
                0x0000000000000000        0x4 applications/pickstick.o
 .note.GNU-stack
                0x0000000000000000        0x0 applications/pickstick.o
 .group         0x0000000000000000        0x8 applications/clearMine.o
 .group         0x0000000000000000        0x8 applications/clearMine.o
 .text.__x86.get_pc_thunk.ax
                0x0000000000000000        0x4 applications/clearMine.o
 .text.__x86.get_pc_thunk.bx
                0x0000000000000000        0x4 applications/clearMine.o
 .note.GNU-stack
                0x0000000000000000        0x0 applications/clearMine.o
 .group         0x0000000000000000        0x8 applications/guess.o
 .text.__x86.get_pc_thunk.bx
                0x0000000000000000        0x4 applications/guess.o
 .note.GNU-stack
                0x0000000000000000        0x0 applications/guess.o
 .group         0x0000000000000000        0x8 fs/main.o
 .group         0x0000000000000000        0x8 fs/main.o
 .text.__x86.get_pc_thunk.ax
                0x0000000000000000        0x4 fs/main.o
 .text.__x86.get_pc_thunk.bx
                0x0000000000000000        0x4 fs/main.o
 .note.GNU-stack
                0x0000000000000000        0x0 fs/main.o
 .group         0x0000000000000000        0x8 fs/open.o
 .group         0x0000000000000000        0x8 fs/open.o
 .text.__x86.get_pc_thunk.ax
                0x0000000000000000        0x4 fs/open.o
 .text.__x86.get_pc_thunk.bx
                0x0000000000000000        0x4 fs/open.o
 .note.GNU-stack
                0x0000000000000000        0x0 fs/open.o
 .group         0x0000000000000000        0x8 fs/misc.o
 .text.__x86.get_pc_thunk.bx
                0x0000000000000000        0x4 fs/misc.o
 .note.GNU-stack
                0x0000000000000000        0x0 fs/misc.o
 .group         0x0000000000000000        0x8 fs/read_write.o
 .text.__x86.get_pc_thunk.bx
                0x0000000000000000        0x4 fs/read_write.o
 .note.GNU-stack
                0x0000000000000000        0x0 fs/read_write.o
 .group         0x0000000000000000        0x8 fs/link.o
 .text.__x86.get_pc_thunk.bx
                0x0000000000000000        0x4 fs/link.o
 .note.GNU-stack
                0x0000000000000000        0x0 fs/link.o
 .group         0x0000000000000000        0x8 fs/disklog.o
 .text.__x86.get_pc_thunk.bx
                0x0000000000000000        0x4 fs/disklog.o
 .note.GNU-stack
                0x0000000000000000        0x0 fs/disklog.o

内存配置

名称           来源             长度             属性
*default*        0x0000000000000000 0xffffffffffffffff

链结器命令稿和内存映射

段 .text 的地址设置为 0x1000
LOAD kernel/kernel.o
LOAD lib/syscall.o
LOAD kernel/start.o
LOAD kernel/main.o
LOAD kernel/clock.o
LOAD kernel/keyboard.o
LOAD kernel/tty.o
LOAD kernel/console.o
LOAD kernel/i8259.o
LOAD kernel/global.o
LOAD kernel/protect.o
LOAD kernel/proc.o
LOAD kernel/systask.o
LOAD kernel/hd.o
LOAD kernel/animation.o
LOAD lib/printf.o
LOAD lib/vsprintf.o
LOAD lib/kliba.o
LOAD lib/klib.o
LOAD lib/string.o
LOAD lib/ls.o
LOAD lib/sl.o
LOAD lib/misc.o
LOAD lib/mkdir.o
LOAD lib/open.o
LOAD lib/read.o
LOAD lib/write.o
LOAD lib/close.o
LOAD lib/unlink.o
LOAD lib/getpid.o
LOAD lib/syslog.o
LOAD applications/calculator.o
LOAD applications/2048.o
LOAD applications/pickstick.o
LOAD applications/clearMine.o
LOAD applications/guess.o
LOAD fs/main.o
LOAD fs/open.o
LOAD fs/misc.o
LOAD fs/read_write.o
LOAD fs/link.o
LOAD fs/disklog.o
                [!provide]                        PROVIDE (__executable_start = SEGMENT_START ("text-segment", 0x8048000))
                0x0000000008048094                . = (SEGMENT_START ("text-segment", 0x8048000) + SIZEOF_HEADERS)

.interp
 *(.interp)

.note.gnu.build-id
 *(.note.gnu.build-id)

.hash
 *(.hash)

.gnu.hash
 *(.gnu.hash)

.dynsym
 *(.dynsym)

.dynstr
 *(.dynstr)

.gnu.version
 *(.gnu.version)

.gnu.version_d
 *(.gnu.version_d)

.gnu.version_r
 *(.gnu.version_r)

.rel.dyn        0x0000000008048094        0x0
 *(.rel.init)
 *(.rel.text .rel.text.* .rel.gnu.linkonce.t.*)
 .rel.text      0x0000000008048094        0x0 kernel/kernel.o
 *(.rel.fini)
 *(.rel.rodata .rel.rodata.* .rel.gnu.linkonce.r.*)
 *(.rel.data.rel.ro .rel.data.rel.ro.* .rel.gnu.linkonce.d.rel.ro.*)
 *(.rel.data .rel.data.* .rel.gnu.linkonce.d.*)
 *(.rel.tdata .rel.tdata.* .rel.gnu.linkonce.td.*)
 *(.rel.tbss .rel.tbss.* .rel.gnu.linkonce.tb.*)
 *(.rel.ctors)
 *(.rel.dtors)
 *(.rel.got)
 .rel.got       0x0000000008048094        0x0 kernel/kernel.o
 *(.rel.bss .rel.bss.* .rel.gnu.linkonce.b.*)
 *(.rel.ifunc)

.rel.plt        0x0000000008048094        0x0
 *(.rel.plt)
                [!provide]                        PROVIDE (__rel_iplt_start = .)
 *(.rel.iplt)
 .rel.iplt      0x0000000008048094        0x0 kernel/kernel.o
                [!provide]                        PROVIDE (__rel_iplt_end = .)

.init
 *(SORT_NONE(.init))

.plt            0x0000000008048098        0x0
 *(.plt)
 *(.iplt)
 .iplt          0x0000000008048098        0x0 kernel/kernel.o

.plt.got
 *(.plt.got)

.plt.sec
 *(.plt.sec)

.text           0x0000000000001000    0x11291
 *(.text.unlikely .text.*_unlikely .text.unlikely.*)
 *(.text.exit .text.exit.*)
 *(.text.startup .text.startup.*)
 *(.text.hot .text.hot.*)
 *(.text .stub .text.* .gnu.linkonce.t.*)
 .text          0x0000000000001000      0x410 kernel/kernel.o
                0x0000000000001000                _start
                0x0000000000001040                hwint00
                0x0000000000001070                hwint01
                0x00000000000010a0                hwint02
                0x00000000000010d0                hwint03
                0x0000000000001100                hwint04
                0x0000000000001130                hwint05
                0x0000000000001160                hwint06
                0x0000000000001190                hwint07
                0x00000000000011c0                hwint08
                0x00000000000011f0                hwint09
                0x0000000000001220                hwint10
                0x0000000000001250                hwint11
                0x0000000000001280                hwint12
                0x00000000000012b0                hwint13
                0x00000000000012e0                hwint14
                0x0000000000001310                hwint15
                0x0000000000001334                divide_error
                0x000000000000133a                single_step_exception
                0x0000000000001340                nmi
                0x0000000000001346                breakpoint_exception
                0x000000000000134c                overflow
                0x0000000000001352                bounds_check
                0x0000000000001358                inval_opcode
                0x000000000000135e                copr_not_available
                0x0000000000001364                double_fault
                0x0000000000001368                copr_seg_overrun
                0x000000000000136e                inval_tss
                0x0000000000001372                segment_not_present
                0x0000000000001376                stack_exception
                0x000000000000137a                general_protection
                0x000000000000137e                page_fault
                0x0000000000001382                copr_error
                0x00000000000013cb                sys_call
                0x00000000000013eb                restart
 .text          0x0000000000001410       0x28 lib/syscall.o
                0x0000000000001410                sendrec
                0x000000000000142a                printx
 .text          0x0000000000001438       0xc3 kernel/start.o
                0x0000000000001438                cstart
 .text.__x86.get_pc_thunk.bx
                0x00000000000014fb        0x4 kernel/start.o
                0x00000000000014fb                __x86.get_pc_thunk.bx
 .text          0x00000000000014ff     0x1f3a kernel/main.o
                0x00000000000014ff                kernel_main
                0x00000000000017b2                get_ticks
                0x00000000000017f5                addTwoString
                0x0000000000001896                displayWelcomeInfo
                0x00000000000019bc                shell
                0x0000000000002a84                testRow
                0x0000000000002ac4                TestA
                0x0000000000002afa                TestB
                0x0000000000002b57                TestC
                0x0000000000002b92                panic
                0x0000000000002bec                findpass
                0x0000000000002c68                clearArr
                0x0000000000002c9b                printTitle
                0x0000000000002cdf                clear
                0x0000000000002d9d                doTest
                0x0000000000002e0e                verifyFilePass
                0x0000000000002eb2                doEncrypt
                0x00000000000030e0                help
                0x00000000000032a8                ProcessManage
                0x0000000000003373                srand
                0x000000000000338c                rand
 .text.__x86.get_pc_thunk.ax
                0x0000000000003439        0x4 kernel/main.o
                0x0000000000003439                __x86.get_pc_thunk.ax
 .text.__x86.get_pc_thunk.dx
                0x000000000000343d        0x4 kernel/main.o
                0x000000000000343d                __x86.get_pc_thunk.dx
 .text          0x0000000000003441      0x157 kernel/clock.o
                0x0000000000003441                clock_handler
                0x00000000000034e5                milli_delay
                0x000000000000352f                init_clock
 .text          0x0000000000003598      0x7a7 kernel/keyboard.o
                0x0000000000003598                keyboard_handler
                0x000000000000361d                init_keyboard
                0x00000000000036e7                keyboard_read
 .text          0x0000000000003d3f      0xad3 kernel/tty.o
                0x0000000000003d3f                task_tty
                0x0000000000003f2a                in_process
                0x00000000000044b4                sys_printx
                0x000000000000467c                dump_tty_buf
 .text          0x0000000000004812      0x889 kernel/console.o
                0x0000000000004812                init_screen
                0x00000000000049a1                out_char
                0x0000000000004c5f                clear_screen
                0x0000000000004ca3                is_current_console
                0x0000000000004cd6                set_cursor
                0x0000000000004d4d                set_video_start_addr
                0x0000000000004dc4                select_console
                0x0000000000004e17                scroll_screen
                0x0000000000005012                flush
 .text.__x86.get_pc_thunk.cx
                0x000000000000509b        0x4 kernel/console.o
                0x000000000000509b                __x86.get_pc_thunk.cx
 .text          0x000000000000509f      0x167 kernel/i8259.o
                0x000000000000509f                init_8259A
                0x0000000000005187                spurious_irq
                0x00000000000051d1                put_irq_handler
 .text          0x0000000000005206        0x0 kernel/global.o
 .text          0x0000000000005206      0x6c7 kernel/protect.o
                0x0000000000005206                init_prot
                0x00000000000056a3                seg2phys
                0x0000000000005776                exception_handler
 .text          0x00000000000058cd     0x1a09 kernel/proc.o
                0x00000000000058cd                schedule
                0x0000000000005981                sys_sendrec
                0x0000000000005ac8                send_recv
                0x0000000000005b9a                ldt_seg_linear
                0x0000000000005bee                va2la
                0x0000000000005c67                reset_msg
                0x0000000000006c55                inform_int
                0x0000000000006e01                dump_proc
                0x00000000000071a5                dump_msg
 .text          0x00000000000072d6       0x96 kernel/systask.o
                0x00000000000072d6                task_sys
 .text          0x000000000000736c      0xeb4 kernel/hd.o
                0x000000000000736c                task_hd
                0x00000000000081e5                hd_handler
 .text          0x0000000000008220      0x9f8 kernel/animation.o
                0x0000000000008220                animation
 .text          0x0000000000008c18       0xd1 lib/printf.o
                0x0000000000008c18                printf
                0x0000000000008c98                printl
 .text          0x0000000000008ce9      0x330 lib/vsprintf.o
                0x0000000000008d59                vsprintf
                0x0000000000008fe9                sprintf
 *fill*         0x0000000000009019        0x7 
 .text          0x0000000000009020      0x19a lib/kliba.o
                0x0000000000009020                disp_str
                0x000000000000905e                disp_color_str
                0x000000000000909d                out_byte
                0x00000000000090a9                in_byte
                0x00000000000090b3                port_read
                0x00000000000090c6                port_write
                0x00000000000090d9                disable_irq
                0x000000000000910e                enable_irq
                0x000000000000912d                disable_int
                0x000000000000912f                enable_int
                0x0000000000009131                glitter
 .text          0x00000000000091ba      0x200 lib/klib.o
                0x00000000000091ba                itoa
                0x000000000000926f                atoi
                0x0000000000009333                disp_int
                0x0000000000009369                delay
 *fill*         0x00000000000093ba        0x6 
 .text          0x00000000000093c0       0x78 lib/string.o
                0x00000000000093c0                memcpy
                0x00000000000093e9                memset
                0x000000000000940a                strcpy
                0x0000000000009422                strlen
 .text          0x0000000000009438       0x52 lib/ls.o
                0x0000000000009438                ls
 .text          0x000000000000948a     0x23b3 lib/sl.o
                0x000000000000948a                sl
 .text          0x000000000000b83d      0x274 lib/misc.o
                0x000000000000b83d                memcmp
                0x000000000000b8bd                strcmp
                0x000000000000b93a                strcat
                0x000000000000b9a3                strstr
                0x000000000000ba3b                spin
                0x000000000000ba65                assertion_failure
 .text          0x000000000000bab1       0x79 lib/mkdir.o
                0x000000000000bab1                mkdir
 .text          0x000000000000bb2a       0x78 lib/open.o
                0x000000000000bb2a                open
 .text          0x000000000000bba2       0x47 lib/read.o
                0x000000000000bba2                read
 .text          0x000000000000bbe9       0x47 lib/write.o
                0x000000000000bbe9                write
 .text          0x000000000000bc30       0x3b lib/close.o
                0x000000000000bc30                close
 .text          0x000000000000bc6b       0x4b lib/unlink.o
                0x000000000000bc6b                unlink
 .text          0x000000000000bcb6       0x5b lib/getpid.o
                0x000000000000bcb6                getpid
 .text          0x000000000000bd11       0xe8 lib/syslog.o
                0x000000000000bd11                syslog
 .text          0x000000000000bdf9      0x398 applications/calculator.o
                0x000000000000bdf9                calculator
                0x000000000000c0c2                getNum
                0x000000000000c14e                clearArray
 .text          0x000000000000c191      0xc7b applications/2048.o
                0x000000000000c191                run2048
                0x000000000000c442                mat_init
                0x000000000000c483                mat_left
                0x000000000000c644                mat_right
                0x000000000000c805                mat_up
                0x000000000000c9c6                mat_down
                0x000000000000cb87                mat_reach
                0x000000000000cbef                mat_insert
                0x000000000000cd23                mat_print
                0x000000000000cdd9                ClearArr
 .text          0x000000000000ce0c      0x25b applications/pickstick.o
                0x000000000000ce0c                randomBetween
                0x000000000000ce70                pickSticks
 .text          0x000000000000d067      0x6fb applications/clearMine.o
                0x000000000000d067                clearMine
                0x000000000000d72f                clearTheArray
 .text          0x000000000000d762      0x309 applications/guess.o
                0x000000000000d762                guessNumber
                0x000000000000d99c                getNumber
                0x000000000000da28                ClearArray
 .text          0x000000000000da6b      0xf7b fs/main.o
                0x000000000000da6b                task_fs
                0x000000000000e446                rw_sector
                0x000000000000e69b                get_super_block
                0x000000000000e6fd                get_inode
                0x000000000000e87f                put_inode
                0x000000000000e8d3                sync_inode
 .text          0x000000000000e9e6      0xfa7 fs/open.o
                0x000000000000e9e6                do_open
                0x000000000000ef81                do_close
                0x000000000000eff9                do_ls
                0x000000000000f227                do_mkdir
                0x000000000000f334                do_lseek
 .text          0x000000000000f98d      0x4e3 fs/misc.o
                0x000000000000f98d                find_entry
                0x000000000000fafa                search_file
                0x000000000000fc6c                strip_path
 .text          0x000000000000fe70      0x54e fs/read_write.o
                0x000000000000fe70                do_rdwt
 .text          0x00000000000103be      0x896 fs/link.o
                0x00000000000103be                do_unlink
 .text          0x0000000000010c54     0x163d fs/disklog.o
                0x0000000000010c54                do_disklog
                0x0000000000010d0e                disklog
                0x0000000000011249                dump_fd_graph
 *(.gnu.warning)

.fini
 *(SORT_NONE(.fini))
                [!provide]                        PROVIDE (__etext = .)
                [!provide]                        PROVIDE (_etext = .)
                [!provide]                        PROVIDE (etext = .)

.rodata         0x00000000000122a0     0x97ef
 *(.rodata .rodata.* .gnu.linkonce.r.*)
 .rodata        0x00000000000122a0       0x47 kernel/start.o
 *fill*         0x00000000000122e7        0x1 
 .rodata        0x00000000000122e8      0xe9e kernel/main.o
 *fill*         0x0000000000013186        0x2 
 .rodata        0x0000000000013188       0x64 kernel/keyboard.o
 .rodata        0x00000000000131ec      0x13c kernel/tty.o
 .rodata        0x0000000000013328       0x5b kernel/console.o
 .rodata        0x0000000000013383       0x11 kernel/i8259.o
 .rodata        0x0000000000013394        0x4 kernel/global.o
                0x0000000000013394                FSBUF_SIZE
 *fill*         0x0000000000013398        0x8 
 .rodata        0x00000000000133a0      0x540 kernel/protect.o
 .rodata        0x00000000000138e0      0x62e kernel/proc.o
 .rodata        0x0000000000013f0e       0x11 kernel/systask.o
 *fill*         0x0000000000013f1f        0x1 
 .rodata        0x0000000000013f20      0x140 kernel/hd.o
 .rodata        0x0000000000014060      0x5df kernel/animation.o
 .rodata        0x000000000001463f       0x14 lib/printf.o
 *fill*         0x0000000000014653        0x1 
 .rodata        0x0000000000014654     0x5c40 lib/sl.o
 .rodata        0x000000000001a294       0x61 lib/misc.o
 .rodata        0x000000000001a2f5       0x24 lib/mkdir.o
 .rodata        0x000000000001a319       0x23 lib/open.o
 .rodata        0x000000000001a33c       0x25 lib/getpid.o
 .rodata        0x000000000001a361       0x32 lib/syslog.o
 *fill*         0x000000000001a393        0x1 
 .rodata        0x000000000001a394      0x190 applications/calculator.o
 .rodata        0x000000000001a524      0x2b1 applications/2048.o
 *fill*         0x000000000001a7d5        0x3 
 .rodata        0x000000000001a7d8      0x1eb applications/pickstick.o
 *fill*         0x000000000001a9c3        0x1 
 .rodata        0x000000000001a9c4      0x298 applications/clearMine.o
 .rodata        0x000000000001ac5c      0x102 applications/guess.o
 *fill*         0x000000000001ad5e        0x2 
 .rodata        0x000000000001ad60      0x26e fs/main.o
 *fill*         0x000000000001afce        0x2 
 .rodata        0x000000000001afd0      0x191 fs/open.o
 *fill*         0x000000000001b161        0x3 
 .rodata        0x000000000001b164      0x164 fs/read_write.o
 .rodata        0x000000000001b2c8      0x19d fs/link.o
 *fill*         0x000000000001b465        0x3 
 .rodata        0x000000000001b468      0x627 fs/disklog.o

.rodata1
 *(.rodata1)

.eh_frame_hdr
 *(.eh_frame_hdr)
 *(.eh_frame_entry .eh_frame_entry.*)

.eh_frame       0x000000000001ba90     0x17bc
 *(.eh_frame)
 .eh_frame      0x000000000001ba90       0x50 kernel/start.o
 .eh_frame      0x000000000001bae0      0x30c kernel/main.o
                                        0x338 (松开之前的大小)
 .eh_frame      0x000000000001bdec       0x6c kernel/clock.o
                                         0x98 (松开之前的大小)
 .eh_frame      0x000000000001be58       0xfc kernel/keyboard.o
                                        0x128 (松开之前的大小)
 .eh_frame      0x000000000001bf54      0x15c kernel/tty.o
                                        0x19c (松开之前的大小)
 .eh_frame      0x000000000001c0b0      0x16c kernel/console.o
                                        0x1c0 (松开之前的大小)
 .eh_frame      0x000000000001c21c       0x6c kernel/i8259.o
                                         0x98 (松开之前的大小)
 .eh_frame      0x000000000001c288       0xb8 kernel/protect.o
                                         0xf8 (松开之前的大小)
 .eh_frame      0x000000000001c340      0x20c kernel/proc.o
                                        0x260 (松开之前的大小)
 .eh_frame      0x000000000001c54c       0x1c kernel/systask.o
                                         0x48 (松开之前的大小)
 .eh_frame      0x000000000001c568      0x220 kernel/hd.o
                                        0x260 (松开之前的大小)
 .eh_frame      0x000000000001c788       0x24 kernel/animation.o
                                         0x50 (松开之前的大小)
 .eh_frame      0x000000000001c7ac       0x48 lib/printf.o
                                         0x74 (松开之前的大小)
 .eh_frame      0x000000000001c7f4       0x68 lib/vsprintf.o
                                         0xa8 (松开之前的大小)
 .eh_frame      0x000000000001c85c       0x84 lib/klib.o
                                         0xc4 (松开之前的大小)
 .eh_frame      0x000000000001c8e0       0x24 lib/ls.o
                                         0x50 (松开之前的大小)
 .eh_frame      0x000000000001c904       0x24 lib/sl.o
                                         0x50 (松开之前的大小)
 .eh_frame      0x000000000001c928       0xc4 lib/misc.o
                                        0x104 (松开之前的大小)
 .eh_frame      0x000000000001c9ec       0x24 lib/mkdir.o
                                         0x50 (松开之前的大小)
 .eh_frame      0x000000000001ca10       0x24 lib/open.o
                                         0x50 (松开之前的大小)
 .eh_frame      0x000000000001ca34       0x24 lib/read.o
                                         0x50 (松开之前的大小)
 .eh_frame      0x000000000001ca58       0x24 lib/write.o
                                         0x50 (松开之前的大小)
 .eh_frame      0x000000000001ca7c       0x24 lib/close.o
                                         0x50 (松开之前的大小)
 .eh_frame      0x000000000001caa0       0x24 lib/unlink.o
                                         0x50 (松开之前的大小)
 .eh_frame      0x000000000001cac4       0x24 lib/getpid.o
                                         0x50 (松开之前的大小)
 .eh_frame      0x000000000001cae8       0x24 lib/syslog.o
                                         0x50 (松开之前的大小)
 .eh_frame      0x000000000001cb0c       0x6c applications/calculator.o
                                         0x98 (松开之前的大小)
 .eh_frame      0x000000000001cb78      0x168 applications/2048.o
                                        0x1a8 (松开之前的大小)
 .eh_frame      0x000000000001cce0       0x48 applications/pickstick.o
                                         0x74 (松开之前的大小)
 .eh_frame      0x000000000001cd28       0x4c applications/clearMine.o
                                         0x8c (松开之前的大小)
 .eh_frame      0x000000000001cd74       0x6c applications/guess.o
                                         0x98 (松开之前的大小)
 .eh_frame      0x000000000001cde0      0x150 fs/main.o
                                        0x190 (松开之前的大小)
 .eh_frame      0x000000000001cf30      0x1b4 fs/open.o
                                        0x1f4 (松开之前的大小)
 .eh_frame      0x000000000001d0e4       0x84 fs/misc.o
                                         0xb0 (松开之前的大小)
 .eh_frame      0x000000000001d168       0x30 fs/read_write.o
                                         0x5c (松开之前的大小)
 .eh_frame      0x000000000001d198       0x30 fs/link.o
                                         0x5c (松开之前的大小)
 .eh_frame      0x000000000001d1c8       0x84 fs/disklog.o
                                         0xb0 (松开之前的大小)
 *(.eh_frame.*)

.gcc_except_table
 *(.gcc_except_table .gcc_except_table.*)

.gnu_extab
 *(.gnu_extab*)

.exception_ranges
 *(.exception_ranges .exception_ranges*)
                0x000000000001f000                . = DATA_SEGMENT_ALIGN (CONSTANT (MAXPAGESIZE), CONSTANT (COMMONPAGESIZE))

.eh_frame
 *(.eh_frame)
 *(.eh_frame.*)

.gnu_extab
 *(.gnu_extab)

.gcc_except_table
 *(.gcc_except_table .gcc_except_table.*)

.exception_ranges
 *(.exception_ranges .exception_ranges*)

.tdata
 *(.tdata .tdata.* .gnu.linkonce.td.*)

.tbss
 *(.tbss .tbss.* .gnu.linkonce.tb.*)
 *(.tcommon)

.preinit_array  0x000000000001f000        0x0
                [!provide]                        PROVIDE (__preinit_array_start = .)
 *(.preinit_array)
                [!provide]                        PROVIDE (__preinit_array_end = .)

.init_array     0x000000000001f000        0x0
                [!provide]                        PROVIDE (__init_array_start = .)
 *(SORT_BY_INIT_PRIORITY(.init_array.*) SORT_BY_INIT_PRIORITY(.ctors.*))
 *(.init_array EXCLUDE_FILE(*crtend?.o *crtend.o *crtbegin?.o *crtbegin.o) .ctors)
                [!provide]                        PROVIDE (__init_array_end = .)

.fini_array     0x000000000001f000        0x0
                [!provide]                        PROVIDE (__fini_array_start = .)
 *(SORT_BY_INIT_PRIORITY(.fini_array.*) SORT_BY_INIT_PRIORITY(.dtors.*))
 *(.fini_array EXCLUDE_FILE(*crtend?.o *crtend.o *crtbegin?.o *crtbegin.o) .dtors)
                [!provide]                        PROVIDE (__fini_array_end = .)

.ctors
 *crtbegin.o(.ctors)
 *crtbegin?.o(.ctors)
 *(EXCLUDE_FILE(*crtend?.o *crtend.o) .ctors)
 *(SORT_BY_NAME(.ctors.*))
 *(.ctors)

.dtors
 *crtbegin.o(.dtors)
 *crtbegin?.o(.dtors)
 *(EXCLUDE_FILE(*crtend?.o *crtend.o) .dtors)
 *(SORT_BY_NAME(.dtors.*))
 *(.dtors)

.jcr
 *(.jcr)

.data.rel.ro
 *(.data.rel.ro.local* .gnu.linkonce.d.rel.ro.local.*)
 *(.data.rel.ro .data.rel.ro.* .gnu.linkonce.d.rel.ro.*)

.dynamic
 *(.dynamic)

.got            0x000000000001f000        0x0
 *(.got)
 .got           0x000000000001f000        0x0 kernel/kernel.o
 *(.igot)
                0x000000000001fff4                . = DATA_SEGMENT_RELRO_END (., (SIZEOF (.got.plt) >= 0xc)?0xc:0x0)

.got.plt        0x000000000001f000        0xc
 *(.got.plt)
 .got.plt       0x000000000001f000        0xc kernel/kernel.o
                0x000000000001f000                _GLOBAL_OFFSET_TABLE_
 *(.igot.plt)
 .igot.plt      0x000000000001f00c        0x0 kernel/kernel.o

.data           0x000000000001f020      0x784
 *(.data .data.* .gnu.linkonce.d.*)
 .data          0x000000000001f020        0x2 kernel/kernel.o
 .data          0x000000000001f022        0x0 kernel/start.o
 *fill*         0x000000000001f022        0x2 
 .data          0x000000000001f024        0x4 kernel/main.o
                0x000000000001f024                _seed2
 .data          0x000000000001f028        0x0 kernel/clock.o
 *fill*         0x000000000001f028       0x18 
 .data          0x000000000001f040      0x600 kernel/keyboard.o
                0x000000000001f040                keymap
 .data          0x000000000001f640       0x22 kernel/tty.o
 .data          0x000000000001f662        0x0 kernel/console.o
 .data          0x000000000001f662        0x0 kernel/i8259.o
 *fill*         0x000000000001f662        0x2 
 .data          0x000000000001f664       0x1c kernel/global.o
                0x000000000001f664                dd_map
                0x000000000001f67c                fsbuf
 .data.rel      0x000000000001f680      0x124 kernel/global.o
                0x000000000001f680                task_table
                0x000000000001f720                user_proc_table
                0x000000000001f798                sys_call_table
 .data          0x000000000001f7a4        0x0 kernel/protect.o
 .data          0x000000000001f7a4        0x0 kernel/proc.o
 .data          0x000000000001f7a4        0x0 kernel/systask.o
 .data          0x000000000001f7a4        0x0 kernel/hd.o
 .data          0x000000000001f7a4        0x0 kernel/animation.o
 .data          0x000000000001f7a4        0x0 lib/printf.o
 .data          0x000000000001f7a4        0x0 lib/vsprintf.o
 .data          0x000000000001f7a4        0x0 lib/klib.o
 .data          0x000000000001f7a4        0x0 lib/ls.o
 .data          0x000000000001f7a4        0x0 lib/sl.o
 .data          0x000000000001f7a4        0x0 lib/misc.o
 .data          0x000000000001f7a4        0x0 lib/mkdir.o
 .data          0x000000000001f7a4        0x0 lib/open.o
 .data          0x000000000001f7a4        0x0 lib/read.o
 .data          0x000000000001f7a4        0x0 lib/write.o
 .data          0x000000000001f7a4        0x0 lib/close.o
 .data          0x000000000001f7a4        0x0 lib/unlink.o
 .data          0x000000000001f7a4        0x0 lib/getpid.o
 .data          0x000000000001f7a4        0x0 lib/syslog.o
 .data          0x000000000001f7a4        0x0 applications/calculator.o
 .data          0x000000000001f7a4        0x0 applications/2048.o
 .data          0x000000000001f7a4        0x0 applications/pickstick.o
 .data          0x000000000001f7a4        0x0 applications/clearMine.o
 .data          0x000000000001f7a4        0x0 applications/guess.o
 .data          0x000000000001f7a4        0x0 fs/main.o
 .data          0x000000000001f7a4        0x0 fs/open.o
 .data          0x000000000001f7a4        0x0 fs/misc.o
 .data          0x000000000001f7a4        0x0 fs/read_write.o
 .data          0x000000000001f7a4        0x0 fs/link.o
 .data          0x000000000001f7a4        0x0 fs/disklog.o

.data1
 *(.data1)
                0x000000000001f7a4                _edata = .
                [!provide]                        PROVIDE (edata = .)
                0x000000000001f7a4                . = .
                0x000000000001f7a4                __bss_start = .

.bss            0x000000000001f7c0    0x3c65c
 *(.dynbss)
 *(.bss .bss.* .gnu.linkonce.b.*)
 .bss           0x000000000001f7c0      0x800 kernel/kernel.o
 .bss           0x000000000001ffc0        0x0 kernel/start.o
 .bss           0x000000000001ffc0        0x0 kernel/main.o
 .bss           0x000000000001ffc0        0x0 kernel/clock.o
 .bss           0x000000000001ffc0       0x58 kernel/keyboard.o
 .bss           0x0000000000020018        0x0 kernel/tty.o
 .bss           0x0000000000020018        0x0 kernel/console.o
 .bss           0x0000000000020018        0x0 kernel/i8259.o
 .bss           0x0000000000020018        0x0 kernel/global.o
 .bss           0x0000000000020018        0x0 kernel/protect.o
 .bss           0x0000000000020018        0x0 kernel/proc.o
 .bss           0x0000000000020018        0x0 kernel/systask.o
 *fill*         0x0000000000020018        0x8 
 .bss           0x0000000000020020      0x64c kernel/hd.o
 .bss           0x000000000002066c        0x0 kernel/animation.o
 .bss           0x000000000002066c        0x0 lib/printf.o
 .bss           0x000000000002066c        0x0 lib/vsprintf.o
 .bss           0x000000000002066c        0x0 lib/klib.o
 .bss           0x000000000002066c        0x0 lib/ls.o
 .bss           0x000000000002066c        0x0 lib/sl.o
 .bss           0x000000000002066c        0x0 lib/misc.o
 .bss           0x000000000002066c        0x0 lib/mkdir.o
 .bss           0x000000000002066c        0x0 lib/open.o
 .bss           0x000000000002066c        0x0 lib/read.o
 .bss           0x000000000002066c        0x0 lib/write.o
 .bss           0x000000000002066c        0x0 lib/close.o
 .bss           0x000000000002066c        0x0 lib/unlink.o
 .bss           0x000000000002066c        0x0 lib/getpid.o
 .bss           0x000000000002066c        0x0 lib/syslog.o
 .bss           0x000000000002066c        0x0 applications/calculator.o
 .bss           0x000000000002066c        0x0 applications/2048.o
 .bss           0x000000000002066c        0x0 applications/pickstick.o
 .bss           0x000000000002066c        0x0 applications/clearMine.o
 .bss           0x000000000002066c        0x0 applications/guess.o
 .bss           0x000000000002066c        0x0 fs/main.o
 .bss           0x000000000002066c        0x0 fs/open.o
 .bss           0x000000000002066c        0x0 fs/misc.o
 .bss           0x000000000002066c        0x0 fs/read_write.o
 .bss           0x000000000002066c        0x0 fs/link.o
 *fill*         0x000000000002066c       0x14 
 .bss           0x0000000000020680      0x208 fs/disklog.o
 *(COMMON)
 *fill*         0x0000000000020888       0x18 
 COMMON         0x00000000000208a0    0x3b56c kernel/global.o
                0x00000000000208a0                idt_ptr
                0x00000000000208c0                inode_table
                0x00000000000213c0                task_stack
                0x00000000000593c0                k_reenter
                0x00000000000593e0                gdt
                0x00000000000597e0                current_console
                0x00000000000597e4                pcaller
                0x0000000000059800                tty_table
                0x000000000005a480                tss
                0x000000000005a500                fs_msg
                0x000000000005a540                f_desc_table
                0x000000000005a840                root_inode
                0x000000000005a844                disp_pos
                0x000000000005a848                key_pressed
                0x000000000005a84c                gdt_ptr
                0x000000000005a860                idt
                0x000000000005b060                super_block
                0x000000000005b240                ticks
                0x000000000005b260                console_table
                0x000000000005b2a0                irq_table
                0x000000000005b2e0                p_proc_ready
                0x000000000005b300                proc_table
 COMMON         0x000000000005be0c       0x10 kernel/hd.o
                0x000000000005be0c                PARTITION_ENTRY
                0x000000000005be1c                . = ALIGN ((. != 0x0)?0x4:0x1)
                0x000000000005be1c                . = ALIGN (0x4)
                0x000000000005be1c                . = SEGMENT_START ("ldata-segment", .)
                0x000000000005be1c                . = ALIGN (0x4)
                0x000000000005be1c                _end = .
                [!provide]                        PROVIDE (end = .)
                0x000000000005be1c                . = DATA_SEGMENT_END (.)

.stab
 *(.stab)

.stabstr
 *(.stabstr)

.stab.excl
 *(.stab.excl)

.stab.exclstr
 *(.stab.exclstr)

.stab.index
 *(.stab.index)

.stab.indexstr
 *(.stab.indexstr)

.comment        0x0000000000000000       0x24
 *(.comment)
 .comment       0x0000000000000000       0x24 kernel/start.o
                                         0x25 (松开之前的大小)
 .comment       0x0000000000000024       0x25 kernel/main.o
 .comment       0x0000000000000024       0x25 kernel/clock.o
 .comment       0x0000000000000024       0x25 kernel/keyboard.o
 .comment       0x0000000000000024       0x25 kernel/tty.o
 .comment       0x0000000000000024       0x25 kernel/console.o
 .comment       0x0000000000000024       0x25 kernel/i8259.o
 .comment       0x0000000000000024       0x25 kernel/global.o
 .comment       0x0000000000000024       0x25 kernel/protect.o
 .comment       0x0000000000000024       0x25 kernel/proc.o
 .comment       0x0000000000000024       0x25 kernel/systask.o
 .comment       0x0000000000000024       0x25 kernel/hd.o
 .comment       0x0000000000000024       0x25 kernel/animation.o
 .comment       0x0000000000000024       0x25 lib/printf.o
 .comment       0x0000000000000024       0x25 lib/vsprintf.o
 .comment       0x0000000000000024       0x25 lib/klib.o
 .comment       0x0000000000000024       0x25 lib/ls.o
 .comment       0x0000000000000024       0x25 lib/sl.o
 .comment       0x0000000000000024       0x25 lib/misc.o
 .comment       0x0000000000000024       0x25 lib/mkdir.o
 .comment       0x0000000000000024       0x25 lib/open.o
 .comment       0x0000000000000024       0x25 lib/read.o
 .comment       0x0000000000000024       0x25 lib/write.o
 .comment       0x0000000000000024       0x25 lib/close.o
 .comment       0x0000000000000024       0x25 lib/unlink.o
 .comment       0x0000000000000024       0x25 lib/getpid.o
 .comment       0x0000000000000024       0x25 lib/syslog.o
 .comment       0x0000000000000024       0x25 applications/calculator.o
 .comment       0x0000000000000024       0x25 applications/2048.o
 .comment       0x0000000000000024       0x25 applications/pickstick.o
 .comment       0x0000000000000024       0x25 applications/clearMine.o
 .comment       0x0000000000000024       0x25 applications/guess.o
 .comment       0x0000000000000024       0x25 fs/main.o
 .comment       0x0000000000000024       0x25 fs/open.o
 .comment       0x0000000000000024       0x25 fs/misc.o
 .comment       0x0000000000000024       0x25 fs/read_write.o
 .comment       0x0000000000000024       0x25 fs/link.o
 .comment       0x0000000000000024       0x25 fs/disklog.o

.debug
 *(.debug)

.line
 *(.line)

.debug_srcinfo
 *(.debug_srcinfo)

.debug_sfnames
 *(.debug_sfnames)

.debug_aranges
 *(.debug_aranges)

.debug_pubnames
 *(.debug_pubnames)

.debug_info
 *(.debug_info .gnu.linkonce.wi.*)

.debug_abbrev
 *(.debug_abbrev)

.debug_line
 *(.debug_line .debug_line.* .debug_line_end)

.debug_frame
 *(.debug_frame)

.debug_str
 *(.debug_str)

.debug_loc
 *(.debug_loc)

.debug_macinfo
 *(.debug_macinfo)

.debug_weaknames
 *(.debug_weaknames)

.debug_funcnames
 *(.debug_funcnames)

.debug_typenames
 *(.debug_typenames)

.debug_varnames
 *(.debug_varnames)

.debug_pubtypes
 *(.debug_pubtypes)

.debug_ranges
 *(.debug_ranges)

.debug_macro
 *(.debug_macro)

.debug_addr
 *(.debug_addr)

.gnu.attributes
 *(.gnu.attributes)

/DISCARD/
 *(.note.GNU-stack)
 *(.gnu_debuglink)
 *(.gnu.lto_*)
OUTPUT(kernel.bin elf32-i386)
